[www.classmate4u.com/types-of-forest-in-inida/index.html]
[www.classmate4u.com/types-of-forest-in-inida/t.src]
[backblue.gif]
[fade.gif]
[index.html]
[www.classmate4u.com/wp-content/plugins/wp-rocket/assets/img/youtube.png]
[www.classmate4u.com/types-of-forest-in-inida/feed/index.html]
[www.classmate4u.com/wp-includes/js/jquery/jquery.mina7a0.js]
[www.classmate4u.com/wp-includes/js/jquery/jquery-migrate.mind617.js]
[pagead2.googlesyndication.com/pagead/js/f1c4e.txt]
[www.classmate4u.com/wp-content/uploads/2019/10/Classmate4u-150x150.png]
[www.classmate4u.com/wp-content/uploads/2019/10/Classmate4u.png]
[www.classmate4u.com/wp-content/uploads/2019/10/Clasmmate4u.png]
[www.classmate4u.com/wp-content/uploads/2020/05/types-of-forest-in-India.jpg]
[www.classmate4u.com/wp-content/uploads/2020/05/tropical-evergreen-forest.jpg]
[www.classmate4u.com/wp-content/uploads/2020/05/tropical-decidious-forest-1.jpg]
[www.classmate4u.com/wp-content/uploads/2020/05/thorn-forest-1.jpg]
[www.classmate4u.com/wp-content/uploads/2020/05/montane-forest.jpg]
[www.classmate4u.com/wp-content/uploads/2020/05/swamp-forests.jpg]
[www.classmate4u.com/wp-content/uploads/2020/03/Mansi-Shrivastav.jpg]
[www.classmate4u.com/wp-content/cache/min/1/wp-content/plugins/contact-form-7/includes/swv/js/indexc385.js]
[www.classmate4u.com/wp-content/cache/min/1/wp-content/plugins/contact-form-7/includes/js/indexc385.js]
[www.classmate4u.com/wp-content/themes/generatepress/assets/js/menu.mindeae.js]
[www.classmate4u.com/wp-content/themes/generatepress/assets/js/navigation-search.mindeae.js]
[www.classmate4u.com/wp-content/plugins/easy-table-of-contents/vendor/smooth-scroll/jquery.smooth-scroll.min3601.js]
[www.classmate4u.com/wp-content/plugins/easy-table-of-contents/vendor/js-cookie/js.cookie.min77e6.js]
[www.classmate4u.com/wp-content/plugins/easy-table-of-contents/vendor/sticky-kit/jquery.sticky-kit.min2c00.js]
[www.classmate4u.com/wp-content/plugins/easy-table-of-contents/assets/js/front.min9afc.js]
[www.classmate4u.com/wp-content/cache/min/1/wp-content/plugins/akismet/_inc/akismet-frontend8804.js]
[www.classmate4u.com/wp-content/plugins/wp-rocket/assets/js/lazyload/17.5/lazyload.min.js]
[www.classmate4u.com/types-of-forest-in-inida/index.html]
[www.classmate4u.com/types-of-forest-in-inida/t.html]
